[15:24:25] [Server thread/ERROR] (net.minecraft.util.thread.BlockableEventLoop) Error executing task on Server
java.lang.NullPointerException: Cannot invoke "net.minecraft.core.Direction.getAxis()" because "dir" is null
	at com.gregtechceu.gtceu.common.machine.kinetic.ElectricGearBoxMachine.lambda$createEnergyContainer$2(ElectricGearBoxMachine.java:68) ~[11293024870152790682.jar:?]
	at com.gregtechceu.gtceu.api.machine.trait.MachineTrait.hasCapability(MachineTrait.java:36) ~[11293024870152790682.jar:?]
	at com.gregtechceu.gtceu.api.blockentity.fabric.MetaMachineBlockEntityImpl.lambda$onBlockEntityRegister$5(MetaMachineBlockEntityImpl.java:85) ~[main/:?]
	at java.util.stream.ReferencePipeline$2$1.accept(ReferencePipeline.java:178) ~[?:?]
	at java.util.stream.ReferencePipeline$2$1.accept(ReferencePipeline.java:179) ~[?:?]
	at java.util.ArrayList$ArrayListSpliterator.forEachRemaining(ArrayList.java:1625) ~[?:?]
	at java.util.stream.AbstractPipeline.copyInto(AbstractPipeline.java:509) ~[?:?]
	at java.util.stream.AbstractPipeline.wrapAndCopyInto(AbstractPipeline.java:499) ~[?:?]
	at java.util.stream.AbstractPipeline.evaluate(AbstractPipeline.java:575) ~[?:?]
	at java.util.stream.AbstractPipeline.evaluateToArrayNode(AbstractPipeline.java:260) ~[?:?]
	at java.util.stream.ReferencePipeline.toArray(ReferencePipeline.java:616) ~[?:?]
	at java.util.stream.ReferencePipeline.toArray(ReferencePipeline.java:622) ~[?:?]
	at java.util.stream.ReferencePipeline.toList(ReferencePipeline.java:627) ~[?:?]
	at com.gregtechceu.gtceu.api.blockentity.fabric.MetaMachineBlockEntityImpl.lambda$onBlockEntityRegister$6(MetaMachineBlockEntityImpl.java:85) ~[main/:?]
	at net.fabricmc.fabric.api.lookup.v1.block.BlockApiLookup.lambda$registerForBlockEntity$0(BlockApiLookup.java:221) ~[fabric-api-lookup-api-v1-1.6.37+1802ada577.jar:?]
	at net.fabricmc.fabric.impl.lookup.block.BlockApiLookupImpl.lambda$registerForBlockEntities$1(BlockApiLookupImpl.java:160) ~[fabric-api-lookup-api-v1-1.6.37+1802ada577.jar:?]
	at net.fabricmc.fabric.impl.lookup.block.BlockApiLookupImpl.find(BlockApiLookupImpl.java:90) ~[fabric-api-lookup-api-v1-1.6.37+1802ada577.jar:?]
	at net.fabricmc.fabric.api.lookup.v1.block.BlockApiLookup.find(BlockApiLookup.java:169) ~[fabric-api-lookup-api-v1-1.6.37+1802ada577.jar:?]
	at com.gregtechceu.gtceu.api.capability.fabric.GTCapabilityHelperImpl.getEnergyContainer(GTCapabilityHelperImpl.java:25) ~[main/:?]
	at com.gregtechceu.gtceu.api.capability.GTCapabilityHelper.getEnergyContainer(GTCapabilityHelper.java) ~[11293024870152790682.jar:?]
	at com.gregtechceu.gtceu.integration.jade.provider.ElectricContainerBlockProvider.getCapability(ElectricContainerBlockProvider.java:29) ~[11293024870152790682.jar:?]
	at com.gregtechceu.gtceu.integration.jade.provider.ElectricContainerBlockProvider.getCapability(ElectricContainerBlockProvider.java:20) ~[11293024870152790682.jar:?]
	at com.gregtechceu.gtceu.integration.jade.provider.CapabilityBlockProvider.appendServerData(CapabilityBlockProvider.java:61) ~[11293024870152790682.jar:?]
	at com.gregtechceu.gtceu.integration.jade.provider.CapabilityBlockProvider.appendServerData(CapabilityBlockProvider.java:19) ~[11293024870152790682.jar:?]
	at snownee.jade.impl.BlockAccessorImpl.lambda$handleRequest$0(BlockAccessorImpl.java:74) ~[jade-11.7.0.jar:?]
	at net.minecraft.server.TickTask.run(TickTask.java:20) ~[minecraft-merged-163508f2a2-1.20.1-loom.mappings.1_20_1.layered+hash.266302255-v2.jar:?]
	at net.minecraft.util.thread.BlockableEventLoop.doRunTask(BlockableEventLoop.java:143) ~[minecraft-merged-163508f2a2-1.20.1-loom.mappings.1_20_1.layered+hash.266302255-v2.jar:?]
	at net.minecraft.util.thread.ReentrantBlockableEventLoop.doRunTask(ReentrantBlockableEventLoop.java:24) ~[minecraft-merged-163508f2a2-1.20.1-loom.mappings.1_20_1.layered+hash.266302255-v2.jar:?]
	at net.minecraft.server.MinecraftServer.doRunTask(MinecraftServer.java:846) ~[minecraft-merged-163508f2a2-1.20.1-loom.mappings.1_20_1.layered+hash.266302255-v2.jar:?]
	at net.minecraft.server.MinecraftServer.doRunTask(MinecraftServer.java) ~[minecraft-merged-163508f2a2-1.20.1-loom.mappings.1_20_1.layered+hash.266302255-v2.jar:?]
	at net.minecraft.util.thread.BlockableEventLoop.pollTask(BlockableEventLoop.java:114) ~[minecraft-merged-163508f2a2-1.20.1-loom.mappings.1_20_1.layered+hash.266302255-v2.jar:?]
	at net.minecraft.server.MinecraftServer.pollTaskInternal(MinecraftServer.java:829) ~[minecraft-merged-163508f2a2-1.20.1-loom.mappings.1_20_1.layered+hash.266302255-v2.jar:?]
	at net.minecraft.server.MinecraftServer.pollTask(MinecraftServer.java:823) ~[minecraft-merged-163508f2a2-1.20.1-loom.mappings.1_20_1.layered+hash.266302255-v2.jar:?]
	at net.minecraft.util.thread.BlockableEventLoop.managedBlock(BlockableEventLoop.java:127) ~[minecraft-merged-163508f2a2-1.20.1-loom.mappings.1_20_1.layered+hash.266302255-v2.jar:?]
	at net.minecraft.server.MinecraftServer.waitUntilNextTick(MinecraftServer.java:810) ~[minecraft-merged-163508f2a2-1.20.1-loom.mappings.1_20_1.layered+hash.266302255-v2.jar:?]
	at net.minecraft.server.MinecraftServer.runServer(MinecraftServer.java:745) ~[minecraft-merged-163508f2a2-1.20.1-loom.mappings.1_20_1.layered+hash.266302255-v2.jar:?]
	at net.minecraft.server.MinecraftServer.method_29739(MinecraftServer.java:280) ~[minecraft-merged-163508f2a2-1.20.1-loom.mappings.1_20_1.layered+hash.266302255-v2.jar:?]
	at java.lang.Thread.run(Thread.java:840) ~[?:?]
[15:24:25] [Server thread/DEBUG] (FabricLoader/Mixin) Mixing create.RotationPropagatorMixin from gtceu-common.mixins.json into com.simibubi.create.content.kinetics.RotationPropagator
[15:24:25] [Server thread/DEBUG] (FabricLoader/Mixin) gtceu-common.mixins.json:create.RotationPropagatorMixin from mod gtceu->@Inject::injectAxisModifier(Lcom/simibubi/create/content/kinetics/base/KineticBlockEntity;Lnet/minecraft/core/Direction;Lorg/spongepowered/asm/mixin/injection/callback/CallbackInfoReturnable;)V does use it's CallbackInfoReturnable
[15:24:25] [Server thread/DEBUG] (FabricLoader/Mixin) gtceu-common.mixins.json:create.RotationPropagatorMixin from mod gtceu->@Inject::injectAxisModifier(Lcom/simibubi/create/content/kinetics/base/KineticBlockEntity;Lnet/minecraft/core/Direction;Lorg/spongepowered/asm/mixin/injection/callback/CallbackInfoReturnable;)V does use it's CallbackInfoReturnable
[15:24:25] [Server thread/DEBUG] (FabricLoader/Mixin) gtceu-common.mixins.json:create.RotationPropagatorMixin from mod gtceu->@Inject::injectAxisModifier(Lcom/simibubi/create/content/kinetics/base/KineticBlockEntity;Lnet/minecraft/core/Direction;Lorg/spongepowered/asm/mixin/injection/callback/CallbackInfoReturnable;)V does use it's CallbackInfoReturnable
[15:24:25] [Server thread/DEBUG] (FabricLoader/Mixin) gtceu-common.mixins.json:create.RotationPropagatorMixin from mod gtceu->@Inject::injectAxisModifier(Lcom/simibubi/create/content/kinetics/base/KineticBlockEntity;Lnet/minecraft/core/Direction;Lorg/spongepowered/asm/mixin/injection/callback/CallbackInfoReturnable;)V does use it's CallbackInfoReturnable
[15:24:26] [Netty Server IO #1/DEBUG] (ServerPlayNetworkAddon for Player) Handling inbound packet from channel with name "jade:request_tile"
[15:24:26] [Server thread/ERROR] (net.minecraft.util.thread.BlockableEventLoop) Error executing task on Server
java.lang.NullPointerException: Cannot invoke "net.minecraft.core.Direction.getAxis()" because "dir" is null
	at com.gregtechceu.gtceu.common.machine.kinetic.ElectricGearBoxMachine.lambda$createEnergyContainer$2(ElectricGearBoxMachine.java:68) ~[11293024870152790682.jar:?]
	at com.gregtechceu.gtceu.api.machine.trait.MachineTrait.hasCapability(MachineTrait.java:36) ~[11293024870152790682.jar:?]
	at com.gregtechceu.gtceu.api.blockentity.fabric.MetaMachineBlockEntityImpl.lambda$onBlockEntityRegister$5(MetaMachineBlockEntityImpl.java:85) ~[main/:?]
	at java.util.stream.ReferencePipeline$2$1.accept(ReferencePipeline.java:178) ~[?:?]
	at java.util.stream.ReferencePipeline$2$1.accept(ReferencePipeline.java:179) ~[?:?]
	at java.util.ArrayList$ArrayListSpliterator.forEachRemaining(ArrayList.java:1625) ~[?:?]
	at java.util.stream.AbstractPipeline.copyInto(AbstractPipeline.java:509) ~[?:?]
	at java.util.stream.AbstractPipeline.wrapAndCopyInto(AbstractPipeline.java:499) ~[?:?]
	at java.util.stream.AbstractPipeline.evaluate(AbstractPipeline.java:575) ~[?:?]
	at java.util.stream.AbstractPipeline.evaluateToArrayNode(AbstractPipeline.java:260) ~[?:?]
	at java.util.stream.ReferencePipeline.toArray(ReferencePipeline.java:616) ~[?:?]
	at java.util.stream.ReferencePipeline.toArray(ReferencePipeline.java:622) ~[?:?]
	at java.util.stream.ReferencePipeline.toList(ReferencePipeline.java:627) ~[?:?]
	at com.gregtechceu.gtceu.api.blockentity.fabric.MetaMachineBlockEntityImpl.lambda$onBlockEntityRegister$6(MetaMachineBlockEntityImpl.java:85) ~[main/:?]
	at net.fabricmc.fabric.api.lookup.v1.block.BlockApiLookup.lambda$registerForBlockEntity$0(BlockApiLookup.java:221) ~[fabric-api-lookup-api-v1-1.6.37+1802ada577.jar:?]
	at net.fabricmc.fabric.impl.lookup.block.BlockApiLookupImpl.lambda$registerForBlockEntities$1(BlockApiLookupImpl.java:160) ~[fabric-api-lookup-api-v1-1.6.37+1802ada577.jar:?]
	at net.fabricmc.fabric.impl.lookup.block.BlockApiLookupImpl.find(BlockApiLookupImpl.java:90) ~[fabric-api-lookup-api-v1-1.6.37+1802ada577.jar:?]
	at net.fabricmc.fabric.api.lookup.v1.block.BlockApiLookup.find(BlockApiLookup.java:169) ~[fabric-api-lookup-api-v1-1.6.37+1802ada577.jar:?]
	at com.gregtechceu.gtceu.api.capability.fabric.GTCapabilityHelperImpl.getEnergyContainer(GTCapabilityHelperImpl.java:25) ~[main/:?]
	at com.gregtechceu.gtceu.api.capability.GTCapabilityHelper.getEnergyContainer(GTCapabilityHelper.java) ~[11293024870152790682.jar:?]
	at com.gregtechceu.gtceu.integration.jade.provider.ElectricContainerBlockProvider.getCapability(ElectricContainerBlockProvider.java:29) ~[11293024870152790682.jar:?]
	at com.gregtechceu.gtceu.integration.jade.provider.ElectricContainerBlockProvider.getCapability(ElectricContainerBlockProvider.java:20) ~[11293024870152790682.jar:?]
	at com.gregtechceu.gtceu.integration.jade.provider.CapabilityBlockProvider.appendServerData(CapabilityBlockProvider.java:61) ~[11293024870152790682.jar:?]
	at com.gregtechceu.gtceu.integration.jade.provider.CapabilityBlockProvider.appendServerData(CapabilityBlockProvider.java:19) ~[11293024870152790682.jar:?]
	at snownee.jade.impl.BlockAccessorImpl.lambda$handleRequest$0(BlockAccessorImpl.java:74) ~[jade-11.7.0.jar:?]
	at net.minecraft.server.TickTask.run(TickTask.java:20) ~[minecraft-merged-163508f2a2-1.20.1-loom.mappings.1_20_1.layered+hash.266302255-v2.jar:?]
	at net.minecraft.util.thread.BlockableEventLoop.doRunTask(BlockableEventLoop.java:143) ~[minecraft-merged-163508f2a2-1.20.1-loom.mappings.1_20_1.layered+hash.266302255-v2.jar:?]
	at net.minecraft.util.thread.ReentrantBlockableEventLoop.doRunTask(ReentrantBlockableEventLoop.java:24) ~[minecraft-merged-163508f2a2-1.20.1-loom.mappings.1_20_1.layered+hash.266302255-v2.jar:?]
	at net.minecraft.server.MinecraftServer.doRunTask(MinecraftServer.java:846) ~[minecraft-merged-163508f2a2-1.20.1-loom.mappings.1_20_1.layered+hash.266302255-v2.jar:?]
	at net.minecraft.server.MinecraftServer.doRunTask(MinecraftServer.java) ~[minecraft-merged-163508f2a2-1.20.1-loom.mappings.1_20_1.layered+hash.266302255-v2.jar:?]
	at net.minecraft.util.thread.BlockableEventLoop.pollTask(BlockableEventLoop.java:114) ~[minecraft-merged-163508f2a2-1.20.1-loom.mappings.1_20_1.layered+hash.266302255-v2.jar:?]
	at net.minecraft.server.MinecraftServer.pollTaskInternal(MinecraftServer.java:829) ~[minecraft-merged-163508f2a2-1.20.1-loom.mappings.1_20_1.layered+hash.266302255-v2.jar:?]
	at net.minecraft.server.MinecraftServer.pollTask(MinecraftServer.java:823) ~[minecraft-merged-163508f2a2-1.20.1-loom.mappings.1_20_1.layered+hash.266302255-v2.jar:?]
	at net.minecraft.util.thread.BlockableEventLoop.managedBlock(BlockableEventLoop.java:127) ~[minecraft-merged-163508f2a2-1.20.1-loom.mappings.1_20_1.layered+hash.266302255-v2.jar:?]
	at net.minecraft.server.MinecraftServer.waitUntilNextTick(MinecraftServer.java:810) ~[minecraft-merged-163508f2a2-1.20.1-loom.mappings.1_20_1.layered+hash.266302255-v2.jar:?]
	at net.minecraft.server.MinecraftServer.runServer(MinecraftServer.java:745) ~[minecraft-merged-163508f2a2-1.20.1-loom.mappings.1_20_1.layered+hash.266302255-v2.jar:?]
	at net.minecraft.server.MinecraftServer.method_29739(MinecraftServer.java:280) ~[minecraft-merged-163508f2a2-1.20.1-loom.mappings.1_20_1.layered+hash.266302255-v2.jar:?]
	at java.lang.Thread.run(Thread.java:840) ~[?:?]
[15:24:26] [Netty Local Client IO #0/DEBUG] (ClientPlayNetworkAddon for Player) Handling inbound packet from channel with name "create:main"
[15:24:26] [Netty Local Client IO #0/DEBUG] (ClientPlayNetworkAddon for Player) Handling inbound packet from channel with name "create:main"
[15:24:26] [Netty Server IO #1/DEBUG] (ServerPlayNetworkAddon for Player) Handling inbound packet from channel with name "jade:request_tile"
[15:24:26] [Server thread/ERROR] (net.minecraft.util.thread.BlockableEventLoop) Error executing task on Server
java.lang.NullPointerException: Cannot invoke "net.minecraft.core.Direction.getAxis()" because "dir" is null
	at com.gregtechceu.gtceu.common.machine.kinetic.ElectricGearBoxMachine.lambda$createEnergyContainer$2(ElectricGearBoxMachine.java:68) ~[11293024870152790682.jar:?]
	at com.gregtechceu.gtceu.api.machine.trait.MachineTrait.hasCapability(MachineTrait.java:36) ~[11293024870152790682.jar:?]
	at com.gregtechceu.gtceu.api.blockentity.fabric.MetaMachineBlockEntityImpl.lambda$onBlockEntityRegister$5(MetaMachineBlockEntityImpl.java:85) ~[main/:?]
	at java.util.stream.ReferencePipeline$2$1.accept(ReferencePipeline.java:178) ~[?:?]
	at java.util.stream.ReferencePipeline$2$1.accept(ReferencePipeline.java:179) ~[?:?]
	at java.util.ArrayList$ArrayListSpliterator.forEachRemaining(ArrayList.java:1625) ~[?:?]
	at java.util.stream.AbstractPipeline.copyInto(AbstractPipeline.java:509) ~[?:?]
	at java.util.stream.AbstractPipeline.wrapAndCopyInto(AbstractPipeline.java:499) ~[?:?]
	at java.util.stream.AbstractPipeline.evaluate(AbstractPipeline.java:575) ~[?:?]
	at java.util.stream.AbstractPipeline.evaluateToArrayNode(AbstractPipeline.java:260) ~[?:?]
	at java.util.stream.ReferencePipeline.toArray(ReferencePipeline.java:616) ~[?:?]
	at java.util.stream.ReferencePipeline.toArray(ReferencePipeline.java:622) ~[?:?]
	at java.util.stream.ReferencePipeline.toList(ReferencePipeline.java:627) ~[?:?]
	at com.gregtechceu.gtceu.api.blockentity.fabric.MetaMachineBlockEntityImpl.lambda$onBlockEntityRegister$6(MetaMachineBlockEntityImpl.java:85) ~[main/:?]
	at net.fabricmc.fabric.api.lookup.v1.block.BlockApiLookup.lambda$registerForBlockEntity$0(BlockApiLookup.java:221) ~[fabric-api-lookup-api-v1-1.6.37+1802ada577.jar:?]
	at net.fabricmc.fabric.impl.lookup.block.BlockApiLookupImpl.lambda$registerForBlockEntities$1(BlockApiLookupImpl.java:160) ~[fabric-api-lookup-api-v1-1.6.37+1802ada577.jar:?]
	at net.fabricmc.fabric.impl.lookup.block.BlockApiLookupImpl.find(BlockApiLookupImpl.java:90) ~[fabric-api-lookup-api-v1-1.6.37+1802ada577.jar:?]
	at net.fabricmc.fabric.api.lookup.v1.block.BlockApiLookup.find(BlockApiLookup.java:169) ~[fabric-api-lookup-api-v1-1.6.37+1802ada577.jar:?]
	at com.gregtechceu.gtceu.api.capability.fabric.GTCapabilityHelperImpl.getEnergyContainer(GTCapabilityHelperImpl.java:25) ~[main/:?]
	at com.gregtechceu.gtceu.api.capability.GTCapabilityHelper.getEnergyContainer(GTCapabilityHelper.java) ~[11293024870152790682.jar:?]
	at com.gregtechceu.gtceu.integration.jade.provider.ElectricContainerBlockProvider.getCapability(ElectricContainerBlockProvider.java:29) ~[11293024870152790682.jar:?]
	at com.gregtechceu.gtceu.integration.jade.provider.ElectricContainerBlockProvider.getCapability(ElectricContainerBlockProvider.java:20) ~[11293024870152790682.jar:?]
	at com.gregtechceu.gtceu.integration.jade.provider.CapabilityBlockProvider.appendServerData(CapabilityBlockProvider.java:61) ~[11293024870152790682.jar:?]
	at com.gregtechceu.gtceu.integration.jade.provider.CapabilityBlockProvider.appendServerData(CapabilityBlockProvider.java:19) ~[11293024870152790682.jar:?]
	at snownee.jade.impl.BlockAccessorImpl.lambda$handleRequest$0(BlockAccessorImpl.java:74) ~[jade-11.7.0.jar:?]
	at net.minecraft.server.TickTask.run(TickTask.java:20) ~[minecraft-merged-163508f2a2-1.20.1-loom.mappings.1_20_1.layered+hash.266302255-v2.jar:?]
	at net.minecraft.util.thread.BlockableEventLoop.doRunTask(BlockableEventLoop.java:143) ~[minecraft-merged-163508f2a2-1.20.1-loom.mappings.1_20_1.layered+hash.266302255-v2.jar:?]
	at net.minecraft.util.thread.ReentrantBlockableEventLoop.doRunTask(ReentrantBlockableEventLoop.java:24) ~[minecraft-merged-163508f2a2-1.20.1-loom.mappings.1_20_1.layered+hash.266302255-v2.jar:?]
	at net.minecraft.server.MinecraftServer.doRunTask(MinecraftServer.java:846) ~[minecraft-merged-163508f2a2-1.20.1-loom.mappings.1_20_1.layered+hash.266302255-v2.jar:?]
	at net.minecraft.server.MinecraftServer.doRunTask(MinecraftServer.java) ~[minecraft-merged-163508f2a2-1.20.1-loom.mappings.1_20_1.layered+hash.266302255-v2.jar:?]
	at net.minecraft.util.thread.BlockableEventLoop.pollTask(BlockableEventLoop.java:114) ~[minecraft-merged-163508f2a2-1.20.1-loom.mappings.1_20_1.layered+hash.266302255-v2.jar:?]
	at net.minecraft.server.MinecraftServer.pollTaskInternal(MinecraftServer.java:829) ~[minecraft-merged-163508f2a2-1.20.1-loom.mappings.1_20_1.layered+hash.266302255-v2.jar:?]
	at net.minecraft.server.MinecraftServer.pollTask(MinecraftServer.java:823) ~[minecraft-merged-163508f2a2-1.20.1-loom.mappings.1_20_1.layered+hash.266302255-v2.jar:?]
	at net.minecraft.util.thread.BlockableEventLoop.managedBlock(BlockableEventLoop.java:127) ~[minecraft-merged-163508f2a2-1.20.1-loom.mappings.1_20_1.layered+hash.266302255-v2.jar:?]
	at net.minecraft.server.MinecraftServer.waitUntilNextTick(MinecraftServer.java:810) ~[minecraft-merged-163508f2a2-1.20.1-loom.mappings.1_20_1.layered+hash.266302255-v2.jar:?]
	at net.minecraft.server.MinecraftServer.runServer(MinecraftServer.java:745) ~[minecraft-merged-163508f2a2-1.20.1-loom.mappings.1_20_1.layered+hash.266302255-v2.jar:?]
	at net.minecraft.server.MinecraftServer.method_29739(MinecraftServer.java:280) ~[minecraft-merged-163508f2a2-1.20.1-loom.mappings.1_20_1.layered+hash.266302255-v2.jar:?]
	at java.lang.Thread.run(Thread.java:840) ~[?:?]
[15:24:26] [Netty Server IO #1/DEBUG] (ServerPlayNetworkAddon for Player) Handling inbound packet from channel with name "jade:request_tile"
[15:24:26] [Server thread/ERROR] (net.minecraft.util.thread.BlockableEventLoop) Error executing task on Server
java.lang.NullPointerException: Cannot invoke "net.minecraft.core.Direction.getAxis()" because "dir" is null
	at com.gregtechceu.gtceu.common.machine.kinetic.ElectricGearBoxMachine.lambda$createEnergyContainer$2(ElectricGearBoxMachine.java:68) ~[11293024870152790682.jar:?]
	at com.gregtechceu.gtceu.api.machine.trait.MachineTrait.hasCapability(MachineTrait.java:36) ~[11293024870152790682.jar:?]
	at com.gregtechceu.gtceu.api.blockentity.fabric.MetaMachineBlockEntityImpl.lambda$onBlockEntityRegister$5(MetaMachineBlockEntityImpl.java:85) ~[main/:?]
	at java.util.stream.ReferencePipeline$2$1.accept(ReferencePipeline.java:178) ~[?:?]
	at java.util.stream.ReferencePipeline$2$1.accept(ReferencePipeline.java:179) ~[?:?]
	at java.util.ArrayList$ArrayListSpliterator.forEachRemaining(ArrayList.java:1625) ~[?:?]
	at java.util.stream.AbstractPipeline.copyInto(AbstractPipeline.java:509) ~[?:?]
	at java.util.stream.AbstractPipeline.wrapAndCopyInto(AbstractPipeline.java:499) ~[?:?]
	at java.util.stream.AbstractPipeline.evaluate(AbstractPipeline.java:575) ~[?:?]
	at java.util.stream.AbstractPipeline.evaluateToArrayNode(AbstractPipeline.java:260) ~[?:?]
	at java.util.stream.ReferencePipeline.toArray(ReferencePipeline.java:616) ~[?:?]
	at java.util.stream.ReferencePipeline.toArray(ReferencePipeline.java:622) ~[?:?]
	at java.util.stream.ReferencePipeline.toList(ReferencePipeline.java:627) ~[?:?]
	at com.gregtechceu.gtceu.api.blockentity.fabric.MetaMachineBlockEntityImpl.lambda$onBlockEntityRegister$6(MetaMachineBlockEntityImpl.java:85) ~[main/:?]
	at net.fabricmc.fabric.api.lookup.v1.block.BlockApiLookup.lambda$registerForBlockEntity$0(BlockApiLookup.java:221) ~[fabric-api-lookup-api-v1-1.6.37+1802ada577.jar:?]
	at net.fabricmc.fabric.impl.lookup.block.BlockApiLookupImpl.lambda$registerForBlockEntities$1(BlockApiLookupImpl.java:160) ~[fabric-api-lookup-api-v1-1.6.37+1802ada577.jar:?]
	at net.fabricmc.fabric.impl.lookup.block.BlockApiLookupImpl.find(BlockApiLookupImpl.java:90) ~[fabric-api-lookup-api-v1-1.6.37+1802ada577.jar:?]
	at net.fabricmc.fabric.api.lookup.v1.block.BlockApiLookup.find(BlockApiLookup.java:169) ~[fabric-api-lookup-api-v1-1.6.37+1802ada577.jar:?]
	at com.gregtechceu.gtceu.api.capability.fabric.GTCapabilityHelperImpl.getEnergyContainer(GTCapabilityHelperImpl.java:25) ~[main/:?]
	at com.gregtechceu.gtceu.api.capability.GTCapabilityHelper.getEnergyContainer(GTCapabilityHelper.java) ~[11293024870152790682.jar:?]
	at com.gregtechceu.gtceu.integration.jade.provider.ElectricContainerBlockProvider.getCapability(ElectricContainerBlockProvider.java:29) ~[11293024870152790682.jar:?]
	at com.gregtechceu.gtceu.integration.jade.provider.ElectricContainerBlockProvider.getCapability(ElectricContainerBlockProvider.java:20) ~[11293024870152790682.jar:?]
	at com.gregtechceu.gtceu.integration.jade.provider.CapabilityBlockProvider.appendServerData(CapabilityBlockProvider.java:61) ~[11293024870152790682.jar:?]
	at com.gregtechceu.gtceu.integration.jade.provider.CapabilityBlockProvider.appendServerData(CapabilityBlockProvider.java:19) ~[11293024870152790682.jar:?]
	at snownee.jade.impl.BlockAccessorImpl.lambda$handleRequest$0(BlockAccessorImpl.java:74) ~[jade-11.7.0.jar:?]
	at net.minecraft.server.TickTask.run(TickTask.java:20) ~[minecraft-merged-163508f2a2-1.20.1-loom.mappings.1_20_1.layered+hash.266302255-v2.jar:?]
	at net.minecraft.util.thread.BlockableEventLoop.doRunTask(BlockableEventLoop.java:143) ~[minecraft-merged-163508f2a2-1.20.1-loom.mappings.1_20_1.layered+hash.266302255-v2.jar:?]
	at net.minecraft.util.thread.ReentrantBlockableEventLoop.doRunTask(ReentrantBlockableEventLoop.java:24) ~[minecraft-merged-163508f2a2-1.20.1-loom.mappings.1_20_1.layered+hash.266302255-v2.jar:?]
	at net.minecraft.server.MinecraftServer.doRunTask(MinecraftServer.java:846) ~[minecraft-merged-163508f2a2-1.20.1-loom.mappings.1_20_1.layered+hash.266302255-v2.jar:?]
	at net.minecraft.server.MinecraftServer.doRunTask(MinecraftServer.java) ~[minecraft-merged-163508f2a2-1.20.1-loom.mappings.1_20_1.layered+hash.266302255-v2.jar:?]
	at net.minecraft.util.thread.BlockableEventLoop.pollTask(BlockableEventLoop.java:114) ~[minecraft-merged-163508f2a2-1.20.1-loom.mappings.1_20_1.layered+hash.266302255-v2.jar:?]
	at net.minecraft.server.MinecraftServer.pollTaskInternal(MinecraftServer.java:829) ~[minecraft-merged-163508f2a2-1.20.1-loom.mappings.1_20_1.layered+hash.266302255-v2.jar:?]
	at net.minecraft.server.MinecraftServer.pollTask(MinecraftServer.java:823) ~[minecraft-merged-163508f2a2-1.20.1-loom.mappings.1_20_1.layered+hash.266302255-v2.jar:?]
	at net.minecraft.util.thread.BlockableEventLoop.runAllTasks(BlockableEventLoop.java:103) ~[minecraft-merged-163508f2a2-1.20.1-loom.mappings.1_20_1.layered+hash.266302255-v2.jar:?]
	at net.minecraft.server.MinecraftServer.waitUntilNextTick(MinecraftServer.java:809) ~[minecraft-merged-163508f2a2-1.20.1-loom.mappings.1_20_1.layered+hash.266302255-v2.jar:?]
	at net.minecraft.server.MinecraftServer.runServer(MinecraftServer.java:745) ~[minecraft-merged-163508f2a2-1.20.1-loom.mappings.1_20_1.layered+hash.266302255-v2.jar:?]
	at net.minecraft.server.MinecraftServer.method_29739(MinecraftServer.java:280) ~[minecraft-merged-163508f2a2-1.20.1-loom.mappings.1_20_1.layered+hash.266302255-v2.jar:?]
	at java.lang.Thread.run(Thread.java:840) ~[?:?]
[15:24:26] [Netty Local Client IO #0/DEBUG] (ClientPlayNetworkAddon for Player) Handling inbound packet from channel with name "create:main"
[15:24:26] [Netty Server IO #1/DEBUG] (ServerPlayNetworkAddon for Player) Handling inbound packet from channel with name "jade:request_tile"
[15:24:26] [Server thread/ERROR] (net.minecraft.util.thread.BlockableEventLoop) Error executing task on Server
java.lang.NullPointerException: Cannot invoke "net.minecraft.core.Direction.getAxis()" because "dir" is null
	at com.gregtechceu.gtceu.common.machine.kinetic.ElectricGearBoxMachine.lambda$createEnergyContainer$2(ElectricGearBoxMachine.java:68) ~[11293024870152790682.jar:?]
	at com.gregtechceu.gtceu.api.machine.trait.MachineTrait.hasCapability(MachineTrait.java:36) ~[11293024870152790682.jar:?]
	at com.gregtechceu.gtceu.api.blockentity.fabric.MetaMachineBlockEntityImpl.lambda$onBlockEntityRegister$5(MetaMachineBlockEntityImpl.java:85) ~[main/:?]
	at java.util.stream.ReferencePipeline$2$1.accept(ReferencePipeline.java:178) ~[?:?]
	at java.util.stream.ReferencePipeline$2$1.accept(ReferencePipeline.java:179) ~[?:?]
	at java.util.ArrayList$ArrayListSpliterator.forEachRemaining(ArrayList.java:1625) ~[?:?]
	at java.util.stream.AbstractPipeline.copyInto(AbstractPipeline.java:509) ~[?:?]
	at java.util.stream.AbstractPipeline.wrapAndCopyInto(AbstractPipeline.java:499) ~[?:?]
	at java.util.stream.AbstractPipeline.evaluate(AbstractPipeline.java:575) ~[?:?]
	at java.util.stream.AbstractPipeline.evaluateToArrayNode(AbstractPipeline.java:260) ~[?:?]
	at java.util.stream.ReferencePipeline.toArray(ReferencePipeline.java:616) ~[?:?]
	at java.util.stream.ReferencePipeline.toArray(ReferencePipeline.java:622) ~[?:?]
	at java.util.stream.ReferencePipeline.toList(ReferencePipeline.java:627) ~[?:?]
	at com.gregtechceu.gtceu.api.blockentity.fabric.MetaMachineBlockEntityImpl.lambda$onBlockEntityRegister$6(MetaMachineBlockEntityImpl.java:85) ~[main/:?]
	at net.fabricmc.fabric.api.lookup.v1.block.BlockApiLookup.lambda$registerForBlockEntity$0(BlockApiLookup.java:221) ~[fabric-api-lookup-api-v1-1.6.37+1802ada577.jar:?]
	at net.fabricmc.fabric.impl.lookup.block.BlockApiLookupImpl.lambda$registerForBlockEntities$1(BlockApiLookupImpl.java:160) ~[fabric-api-lookup-api-v1-1.6.37+1802ada577.jar:?]
	at net.fabricmc.fabric.impl.lookup.block.BlockApiLookupImpl.find(BlockApiLookupImpl.java:90) ~[fabric-api-lookup-api-v1-1.6.37+1802ada577.jar:?]
	at net.fabricmc.fabric.api.lookup.v1.block.BlockApiLookup.find(BlockApiLookup.java:169) ~[fabric-api-lookup-api-v1-1.6.37+1802ada577.jar:?]
	at com.gregtechceu.gtceu.api.capability.fabric.GTCapabilityHelperImpl.getEnergyContainer(GTCapabilityHelperImpl.java:25) ~[main/:?]
	at com.gregtechceu.gtceu.api.capability.GTCapabilityHelper.getEnergyContainer(GTCapabilityHelper.java) ~[11293024870152790682.jar:?]
	at com.gregtechceu.gtceu.integration.jade.provider.ElectricContainerBlockProvider.getCapability(ElectricContainerBlockProvider.java:29) ~[11293024870152790682.jar:?]
	at com.gregtechceu.gtceu.integration.jade.provider.ElectricContainerBlockProvider.getCapability(ElectricContainerBlockProvider.java:20) ~[11293024870152790682.jar:?]
	at com.gregtechceu.gtceu.integration.jade.provider.CapabilityBlockProvider.appendServerData(CapabilityBlockProvider.java:61) ~[11293024870152790682.jar:?]
	at com.gregtechceu.gtceu.integration.jade.provider.CapabilityBlockProvider.appendServerData(CapabilityBlockProvider.java:19) ~[11293024870152790682.jar:?]
	at snownee.jade.impl.BlockAccessorImpl.lambda$handleRequest$0(BlockAccessorImpl.java:74) ~[jade-11.7.0.jar:?]
	at net.minecraft.server.TickTask.run(TickTask.java:20) ~[minecraft-merged-163508f2a2-1.20.1-loom.mappings.1_20_1.layered+hash.266302255-v2.jar:?]
	at net.minecraft.util.thread.BlockableEventLoop.doRunTask(BlockableEventLoop.java:143) ~[minecraft-merged-163508f2a2-1.20.1-loom.mappings.1_20_1.layered+hash.266302255-v2.jar:?]
	at net.minecraft.util.thread.ReentrantBlockableEventLoop.doRunTask(ReentrantBlockableEventLoop.java:24) ~[minecraft-merged-163508f2a2-1.20.1-loom.mappings.1_20_1.layered+hash.266302255-v2.jar:?]
	at net.minecraft.server.MinecraftServer.doRunTask(MinecraftServer.java:846) ~[minecraft-merged-163508f2a2-1.20.1-loom.mappings.1_20_1.layered+hash.266302255-v2.jar:?]
	at net.minecraft.server.MinecraftServer.doRunTask(MinecraftServer.java) ~[minecraft-merged-163508f2a2-1.20.1-loom.mappings.1_20_1.layered+hash.266302255-v2.jar:?]
	at net.minecraft.util.thread.BlockableEventLoop.pollTask(BlockableEventLoop.java:114) ~[minecraft-merged-163508f2a2-1.20.1-loom.mappings.1_20_1.layered+hash.266302255-v2.jar:?]
	at net.minecraft.server.MinecraftServer.pollTaskInternal(MinecraftServer.java:829) ~[minecraft-merged-163508f2a2-1.20.1-loom.mappings.1_20_1.layered+hash.266302255-v2.jar:?]
	at net.minecraft.server.MinecraftServer.pollTask(MinecraftServer.java:823) ~[minecraft-merged-163508f2a2-1.20.1-loom.mappings.1_20_1.layered+hash.266302255-v2.jar:?]
	at net.minecraft.util.thread.BlockableEventLoop.runAllTasks(BlockableEventLoop.java:103) ~[minecraft-merged-163508f2a2-1.20.1-loom.mappings.1_20_1.layered+hash.266302255-v2.jar:?]
	at net.minecraft.server.MinecraftServer.waitUntilNextTick(MinecraftServer.java:809) ~[minecraft-merged-163508f2a2-1.20.1-loom.mappings.1_20_1.layered+hash.266302255-v2.jar:?]
	at net.minecraft.server.MinecraftServer.runServer(MinecraftServer.java:745) ~[minecraft-merged-163508f2a2-1.20.1-loom.mappings.1_20_1.layered+hash.266302255-v2.jar:?]
	at net.minecraft.server.MinecraftServer.method_29739(MinecraftServer.java:280) ~[minecraft-merged-163508f2a2-1.20.1-loom.mappings.1_20_1.layered+hash.266302255-v2.jar:?]
	at java.lang.Thread.run(Thread.java:840) ~[?:?]
[15:24:27] [Netty Server IO #1/DEBUG] (ServerPlayNetworkAddon for Player) Handling inbound packet from channel with name "jade:request_tile"
[15:24:27] [Server thread/ERROR] (net.minecraft.util.thread.BlockableEventLoop) Error executing task on Server
java.lang.NullPointerException: Cannot invoke "net.minecraft.core.Direction.getAxis()" because "dir" is null
	at com.gregtechceu.gtceu.common.machine.kinetic.ElectricGearBoxMachine.lambda$createEnergyContainer$2(ElectricGearBoxMachine.java:68) ~[11293024870152790682.jar:?]
	at com.gregtechceu.gtceu.api.machine.trait.MachineTrait.hasCapability(MachineTrait.java:36) ~[11293024870152790682.jar:?]
	at com.gregtechceu.gtceu.api.blockentity.fabric.MetaMachineBlockEntityImpl.lambda$onBlockEntityRegister$5(MetaMachineBlockEntityImpl.java:85) ~[main/:?]
	at java.util.stream.ReferencePipeline$2$1.accept(ReferencePipeline.java:178) ~[?:?]
	at java.util.stream.ReferencePipeline$2$1.accept(ReferencePipeline.java:179) ~[?:?]
	at java.util.ArrayList$ArrayListSpliterator.forEachRemaining(ArrayList.java:1625) ~[?:?]
	at java.util.stream.AbstractPipeline.copyInto(AbstractPipeline.java:509) ~[?:?]
	at java.util.stream.AbstractPipeline.wrapAndCopyInto(AbstractPipeline.java:499) ~[?:?]
	at java.util.stream.AbstractPipeline.evaluate(AbstractPipeline.java:575) ~[?:?]
	at java.util.stream.AbstractPipeline.evaluateToArrayNode(AbstractPipeline.java:260) ~[?:?]
	at java.util.stream.ReferencePipeline.toArray(ReferencePipeline.java:616) ~[?:?]
	at java.util.stream.ReferencePipeline.toArray(ReferencePipeline.java:622) ~[?:?]
	at java.util.stream.ReferencePipeline.toList(ReferencePipeline.java:627) ~[?:?]
	at com.gregtechceu.gtceu.api.blockentity.fabric.MetaMachineBlockEntityImpl.lambda$onBlockEntityRegister$6(MetaMachineBlockEntityImpl.java:85) ~[main/:?]
	at net.fabricmc.fabric.api.lookup.v1.block.BlockApiLookup.lambda$registerForBlockEntity$0(BlockApiLookup.java:221) ~[fabric-api-lookup-api-v1-1.6.37+1802ada577.jar:?]
	at net.fabricmc.fabric.impl.lookup.block.BlockApiLookupImpl.lambda$registerForBlockEntities$1(BlockApiLookupImpl.java:160) ~[fabric-api-lookup-api-v1-1.6.37+1802ada577.jar:?]
	at net.fabricmc.fabric.impl.lookup.block.BlockApiLookupImpl.find(BlockApiLookupImpl.java:90) ~[fabric-api-lookup-api-v1-1.6.37+1802ada577.jar:?]
	at net.fabricmc.fabric.api.lookup.v1.block.BlockApiLookup.find(BlockApiLookup.java:169) ~[fabric-api-lookup-api-v1-1.6.37+1802ada577.jar:?]
	at com.gregtechceu.gtceu.api.capability.fabric.GTCapabilityHelperImpl.getEnergyContainer(GTCapabilityHelperImpl.java:25) ~[main/:?]
	at com.gregtechceu.gtceu.api.capability.GTCapabilityHelper.getEnergyContainer(GTCapabilityHelper.java) ~[11293024870152790682.jar:?]
	at com.gregtechceu.gtceu.integration.jade.provider.ElectricContainerBlockProvider.getCapability(ElectricContainerBlockProvider.java:29) ~[11293024870152790682.jar:?]
	at com.gregtechceu.gtceu.integration.jade.provider.ElectricContainerBlockProvider.getCapability(ElectricContainerBlockProvider.java:20) ~[11293024870152790682.jar:?]
	at com.gregtechceu.gtceu.integration.jade.provider.CapabilityBlockProvider.appendServerData(CapabilityBlockProvider.java:61) ~[11293024870152790682.jar:?]
	at com.gregtechceu.gtceu.integration.jade.provider.CapabilityBlockProvider.appendServerData(CapabilityBlockProvider.java:19) ~[11293024870152790682.jar:?]
	at snownee.jade.impl.BlockAccessorImpl.lambda$handleRequest$0(BlockAccessorImpl.java:74) ~[jade-11.7.0.jar:?]
	at net.minecraft.server.TickTask.run(TickTask.java:20) ~[minecraft-merged-163508f2a2-1.20.1-loom.mappings.1_20_1.layered+hash.266302255-v2.jar:?]
	at net.minecraft.util.thread.BlockableEventLoop.doRunTask(BlockableEventLoop.java:143) ~[minecraft-merged-163508f2a2-1.20.1-loom.mappings.1_20_1.layered+hash.266302255-v2.jar:?]
	at net.minecraft.util.thread.ReentrantBlockableEventLoop.doRunTask(ReentrantBlockableEventLoop.java:24) ~[minecraft-merged-163508f2a2-1.20.1-loom.mappings.1_20_1.layered+hash.266302255-v2.jar:?]
	at net.minecraft.server.MinecraftServer.doRunTask(MinecraftServer.java:846) ~[minecraft-merged-163508f2a2-1.20.1-loom.mappings.1_20_1.layered+hash.266302255-v2.jar:?]
	at net.minecraft.server.MinecraftServer.doRunTask(MinecraftServer.java) ~[minecraft-merged-163508f2a2-1.20.1-loom.mappings.1_20_1.layered+hash.266302255-v2.jar:?]
	at net.minecraft.util.thread.BlockableEventLoop.pollTask(BlockableEventLoop.java:114) ~[minecraft-merged-163508f2a2-1.20.1-loom.mappings.1_20_1.layered+hash.266302255-v2.jar:?]
	at net.minecraft.server.MinecraftServer.pollTaskInternal(MinecraftServer.java:829) ~[minecraft-merged-163508f2a2-1.20.1-loom.mappings.1_20_1.layered+hash.266302255-v2.jar:?]
	at net.minecraft.server.MinecraftServer.pollTask(MinecraftServer.java:823) ~[minecraft-merged-163508f2a2-1.20.1-loom.mappings.1_20_1.layered+hash.266302255-v2.jar:?]
	at net.minecraft.util.thread.BlockableEventLoop.runAllTasks(BlockableEventLoop.java:103) ~[minecraft-merged-163508f2a2-1.20.1-loom.mappings.1_20_1.layered+hash.266302255-v2.jar:?]
	at net.minecraft.server.MinecraftServer.waitUntilNextTick(MinecraftServer.java:809) ~[minecraft-merged-163508f2a2-1.20.1-loom.mappings.1_20_1.layered+hash.266302255-v2.jar:?]
	at net.minecraft.server.MinecraftServer.runServer(MinecraftServer.java:745) ~[minecraft-merged-163508f2a2-1.20.1-loom.mappings.1_20_1.layered+hash.266302255-v2.jar:?]
	at net.minecraft.server.MinecraftServer.method_29739(MinecraftServer.java:280) ~[minecraft-merged-163508f2a2-1.20.1-loom.mappings.1_20_1.layered+hash.266302255-v2.jar:?]
	at java.lang.Thread.run(Thread.java:840) ~[?:?]
[15:24:27] [Netty Local Client IO #0/DEBUG] (ClientPlayNetworkAddon for Player) Handling inbound packet from channel with name "create:main"
[15:24:27] [Netty Local Client IO #0/DEBUG] (ClientPlayNetworkAddon for Player) Handling inbound packet from channel with name "create:main"
[15:24:27] [Netty Server IO #1/DEBUG] (ServerPlayNetworkAddon for Player) Handling inbound packet from channel with name "jade:request_tile"
[15:24:27] [Server thread/ERROR] (net.minecraft.util.thread.BlockableEventLoop) Error executing task on Server
java.lang.NullPointerException: Cannot invoke "net.minecraft.core.Direction.getAxis()" because "dir" is null
	at com.gregtechceu.gtceu.common.machine.kinetic.ElectricGearBoxMachine.lambda$createEnergyContainer$2(ElectricGearBoxMachine.java:68) ~[11293024870152790682.jar:?]
	at com.gregtechceu.gtceu.api.machine.trait.MachineTrait.hasCapability(MachineTrait.java:36) ~[11293024870152790682.jar:?]
	at com.gregtechceu.gtceu.api.blockentity.fabric.MetaMachineBlockEntityImpl.lambda$onBlockEntityRegister$5(MetaMachineBlockEntityImpl.java:85) ~[main/:?]
	at java.util.stream.ReferencePipeline$2$1.accept(ReferencePipeline.java:178) ~[?:?]
	at java.util.stream.ReferencePipeline$2$1.accept(ReferencePipeline.java:179) ~[?:?]
	at java.util.ArrayList$ArrayListSpliterator.forEachRemaining(ArrayList.java:1625) ~[?:?]
	at java.util.stream.AbstractPipeline.copyInto(AbstractPipeline.java:509) ~[?:?]
	at java.util.stream.AbstractPipeline.wrapAndCopyInto(AbstractPipeline.java:499) ~[?:?]
	at java.util.stream.AbstractPipeline.evaluate(AbstractPipeline.java:575) ~[?:?]
	at java.util.stream.AbstractPipeline.evaluateToArrayNode(AbstractPipeline.java:260) ~[?:?]
	at java.util.stream.ReferencePipeline.toArray(ReferencePipeline.java:616) ~[?:?]
	at java.util.stream.ReferencePipeline.toArray(ReferencePipeline.java:622) ~[?:?]
	at java.util.stream.ReferencePipeline.toList(ReferencePipeline.java:627) ~[?:?]
	at com.gregtechceu.gtceu.api.blockentity.fabric.MetaMachineBlockEntityImpl.lambda$onBlockEntityRegister$6(MetaMachineBlockEntityImpl.java:85) ~[main/:?]
	at net.fabricmc.fabric.api.lookup.v1.block.BlockApiLookup.lambda$registerForBlockEntity$0(BlockApiLookup.java:221) ~[fabric-api-lookup-api-v1-1.6.37+1802ada577.jar:?]
	at net.fabricmc.fabric.impl.lookup.block.BlockApiLookupImpl.lambda$registerForBlockEntities$1(BlockApiLookupImpl.java:160) ~[fabric-api-lookup-api-v1-1.6.37+1802ada577.jar:?]
	at net.fabricmc.fabric.impl.lookup.block.BlockApiLookupImpl.find(BlockApiLookupImpl.java:90) ~[fabric-api-lookup-api-v1-1.6.37+1802ada577.jar:?]
	at net.fabricmc.fabric.api.lookup.v1.block.BlockApiLookup.find(BlockApiLookup.java:169) ~[fabric-api-lookup-api-v1-1.6.37+1802ada577.jar:?]
	at com.gregtechceu.gtceu.api.capability.fabric.GTCapabilityHelperImpl.getEnergyContainer(GTCapabilityHelperImpl.java:25) ~[main/:?]
	at com.gregtechceu.gtceu.api.capability.GTCapabilityHelper.getEnergyContainer(GTCapabilityHelper.java) ~[11293024870152790682.jar:?]
	at com.gregtechceu.gtceu.integration.jade.provider.ElectricContainerBlockProvider.getCapability(ElectricContainerBlockProvider.java:29) ~[11293024870152790682.jar:?]
	at com.gregtechceu.gtceu.integration.jade.provider.ElectricContainerBlockProvider.getCapability(ElectricContainerBlockProvider.java:20) ~[11293024870152790682.jar:?]
	at com.gregtechceu.gtceu.integration.jade.provider.CapabilityBlockProvider.appendServerData(CapabilityBlockProvider.java:61) ~[11293024870152790682.jar:?]
	at com.gregtechceu.gtceu.integration.jade.provider.CapabilityBlockProvider.appendServerData(CapabilityBlockProvider.java:19) ~[11293024870152790682.jar:?]
	at snownee.jade.impl.BlockAccessorImpl.lambda$handleRequest$0(BlockAccessorImpl.java:74) ~[jade-11.7.0.jar:?]
	at net.minecraft.server.TickTask.run(TickTask.java:20) ~[minecraft-merged-163508f2a2-1.20.1-loom.mappings.1_20_1.layered+hash.266302255-v2.jar:?]
	at net.minecraft.util.thread.BlockableEventLoop.doRunTask(BlockableEventLoop.java:143) ~[minecraft-merged-163508f2a2-1.20.1-loom.mappings.1_20_1.layered+hash.266302255-v2.jar:?]
	at net.minecraft.util.thread.ReentrantBlockableEventLoop.doRunTask(ReentrantBlockableEventLoop.java:24) ~[minecraft-merged-163508f2a2-1.20.1-loom.mappings.1_20_1.layered+hash.266302255-v2.jar:?]
	at net.minecraft.server.MinecraftServer.doRunTask(MinecraftServer.java:846) ~[minecraft-merged-163508f2a2-1.20.1-loom.mappings.1_20_1.layered+hash.266302255-v2.jar:?]
	at net.minecraft.server.MinecraftServer.doRunTask(MinecraftServer.java) ~[minecraft-merged-163508f2a2-1.20.1-loom.mappings.1_20_1.layered+hash.266302255-v2.jar:?]
	at net.minecraft.util.thread.BlockableEventLoop.pollTask(BlockableEventLoop.java:114) ~[minecraft-merged-163508f2a2-1.20.1-loom.mappings.1_20_1.layered+hash.266302255-v2.jar:?]
	at net.minecraft.server.MinecraftServer.pollTaskInternal(MinecraftServer.java:829) ~[minecraft-merged-163508f2a2-1.20.1-loom.mappings.1_20_1.layered+hash.266302255-v2.jar:?]
	at net.minecraft.server.MinecraftServer.pollTask(MinecraftServer.java:823) ~[minecraft-merged-163508f2a2-1.20.1-loom.mappings.1_20_1.layered+hash.266302255-v2.jar:?]
	at net.minecraft.util.thread.BlockableEventLoop.managedBlock(BlockableEventLoop.java:127) ~[minecraft-merged-163508f2a2-1.20.1-loom.mappings.1_20_1.layered+hash.266302255-v2.jar:?]
	at net.minecraft.server.MinecraftServer.waitUntilNextTick(MinecraftServer.java:810) ~[minecraft-merged-163508f2a2-1.20.1-loom.mappings.1_20_1.layered+hash.266302255-v2.jar:?]
	at net.minecraft.server.MinecraftServer.runServer(MinecraftServer.java:745) ~[minecraft-merged-163508f2a2-1.20.1-loom.mappings.1_20_1.layered+hash.266302255-v2.jar:?]
	at net.minecraft.server.MinecraftServer.method_29739(MinecraftServer.java:280) ~[minecraft-merged-163508f2a2-1.20.1-loom.mappings.1_20_1.layered+hash.266302255-v2.jar:?]
	at java.lang.Thread.run(Thread.java:840) ~[?:?]
[15:24:27] [Netty Local Client IO #0/DEBUG] (ClientPlayNetworkAddon for Player) Handling inbound packet from channel with name "create:main"
[15:24:28] [Netty Local Client IO #0/DEBUG] (ClientPlayNetworkAddon for Player) Handling inbound packet from channel with name "create:main"
[15:24:28] [Netty Local Client IO #0/DEBUG] (ClientPlayNetworkAddon for Player) Handling inbound packet from channel with name "create:main"
[15:24:28] [Netty Local Client IO #0/DEBUG] (ClientPlayNetworkAddon for Player) Handling inbound packet from channel with name "create:main"
[15:24:29] [Netty Local Client IO #0/DEBUG] (ClientPlayNetworkAddon for Player) Handling inbound packet from channel with name "create:main"
[15:24:29] [Netty Local Client IO #0/DEBUG] (ClientPlayNetworkAddon for Player) Handling inbound packet from channel with name "create:main"
[15:24:29] [Netty Server IO #1/DEBUG] (ServerPlayNetworkAddon for Player) Handling inbound packet from channel with name "jade:request_tile"
[15:24:29] [Server thread/ERROR] (net.minecraft.util.thread.BlockableEventLoop) Error executing task on Server
java.lang.NullPointerException: Cannot invoke "net.minecraft.core.Direction.getAxis()" because "dir" is null
	at com.gregtechceu.gtceu.common.machine.kinetic.ElectricGearBoxMachine.lambda$createEnergyContainer$2(ElectricGearBoxMachine.java:68) ~[11293024870152790682.jar:?]
	at com.gregtechceu.gtceu.api.machine.trait.MachineTrait.hasCapability(MachineTrait.java:36) ~[11293024870152790682.jar:?]
	at com.gregtechceu.gtceu.api.blockentity.fabric.MetaMachineBlockEntityImpl.lambda$onBlockEntityRegister$5(MetaMachineBlockEntityImpl.java:85) ~[main/:?]
	at java.util.stream.ReferencePipeline$2$1.accept(ReferencePipeline.java:178) ~[?:?]
	at java.util.stream.ReferencePipeline$2$1.accept(ReferencePipeline.java:179) ~[?:?]
	at java.util.ArrayList$ArrayListSpliterator.forEachRemaining(ArrayList.java:1625) ~[?:?]
	at java.util.stream.AbstractPipeline.copyInto(AbstractPipeline.java:509) ~[?:?]
	at java.util.stream.AbstractPipeline.wrapAndCopyInto(AbstractPipeline.java:499) ~[?:?]
	at java.util.stream.AbstractPipeline.evaluate(AbstractPipeline.java:575) ~[?:?]
	at java.util.stream.AbstractPipeline.evaluateToArrayNode(AbstractPipeline.java:260) ~[?:?]
	at java.util.stream.ReferencePipeline.toArray(ReferencePipeline.java:616) ~[?:?]
	at java.util.stream.ReferencePipeline.toArray(ReferencePipeline.java:622) ~[?:?]
	at java.util.stream.ReferencePipeline.toList(ReferencePipeline.java:627) ~[?:?]
	at com.gregtechceu.gtceu.api.blockentity.fabric.MetaMachineBlockEntityImpl.lambda$onBlockEntityRegister$6(MetaMachineBlockEntityImpl.java:85) ~[main/:?]
	at net.fabricmc.fabric.api.lookup.v1.block.BlockApiLookup.lambda$registerForBlockEntity$0(BlockApiLookup.java:221) ~[fabric-api-lookup-api-v1-1.6.37+1802ada577.jar:?]
	at net.fabricmc.fabric.impl.lookup.block.BlockApiLookupImpl.lambda$registerForBlockEntities$1(BlockApiLookupImpl.java:160) ~[fabric-api-lookup-api-v1-1.6.37+1802ada577.jar:?]
	at net.fabricmc.fabric.impl.lookup.block.BlockApiLookupImpl.find(BlockApiLookupImpl.java:90) ~[fabric-api-lookup-api-v1-1.6.37+1802ada577.jar:?]
	at net.fabricmc.fabric.api.lookup.v1.block.BlockApiLookup.find(BlockApiLookup.java:169) ~[fabric-api-lookup-api-v1-1.6.37+1802ada577.jar:?]
	at com.gregtechceu.gtceu.api.capability.fabric.GTCapabilityHelperImpl.getEnergyContainer(GTCapabilityHelperImpl.java:25) ~[main/:?]
	at com.gregtechceu.gtceu.api.capability.GTCapabilityHelper.getEnergyContainer(GTCapabilityHelper.java) ~[11293024870152790682.jar:?]
	at com.gregtechceu.gtceu.integration.jade.provider.ElectricContainerBlockProvider.getCapability(ElectricContainerBlockProvider.java:29) ~[11293024870152790682.jar:?]
	at com.gregtechceu.gtceu.integration.jade.provider.ElectricContainerBlockProvider.getCapability(ElectricContainerBlockProvider.java:20) ~[11293024870152790682.jar:?]
	at com.gregtechceu.gtceu.integration.jade.provider.CapabilityBlockProvider.appendServerData(CapabilityBlockProvider.java:61) ~[11293024870152790682.jar:?]
	at com.gregtechceu.gtceu.integration.jade.provider.CapabilityBlockProvider.appendServerData(CapabilityBlockProvider.java:19) ~[11293024870152790682.jar:?]
	at snownee.jade.impl.BlockAccessorImpl.lambda$handleRequest$0(BlockAccessorImpl.java:74) ~[jade-11.7.0.jar:?]
	at net.minecraft.server.TickTask.run(TickTask.java:20) ~[minecraft-merged-163508f2a2-1.20.1-loom.mappings.1_20_1.layered+hash.266302255-v2.jar:?]
	at net.minecraft.util.thread.BlockableEventLoop.doRunTask(BlockableEventLoop.java:143) ~[minecraft-merged-163508f2a2-1.20.1-loom.mappings.1_20_1.layered+hash.266302255-v2.jar:?]
	at net.minecraft.util.thread.ReentrantBlockableEventLoop.doRunTask(ReentrantBlockableEventLoop.java:24) ~[minecraft-merged-163508f2a2-1.20.1-loom.mappings.1_20_1.layered+hash.266302255-v2.jar:?]
	at net.minecraft.server.MinecraftServer.doRunTask(MinecraftServer.java:846) ~[minecraft-merged-163508f2a2-1.20.1-loom.mappings.1_20_1.layered+hash.266302255-v2.jar:?]
	at net.minecraft.server.MinecraftServer.doRunTask(MinecraftServer.java) ~[minecraft-merged-163508f2a2-1.20.1-loom.mappings.1_20_1.layered+hash.266302255-v2.jar:?]
	at net.minecraft.util.thread.BlockableEventLoop.pollTask(BlockableEventLoop.java:114) ~[minecraft-merged-163508f2a2-1.20.1-loom.mappings.1_20_1.layered+hash.266302255-v2.jar:?]
	at net.minecraft.server.MinecraftServer.pollTaskInternal(MinecraftServer.java:829) ~[minecraft-merged-163508f2a2-1.20.1-loom.mappings.1_20_1.layered+hash.266302255-v2.jar:?]
	at net.minecraft.server.MinecraftServer.pollTask(MinecraftServer.java:823) ~[minecraft-merged-163508f2a2-1.20.1-loom.mappings.1_20_1.layered+hash.266302255-v2.jar:?]
	at net.minecraft.util.thread.BlockableEventLoop.runAllTasks(BlockableEventLoop.java:103) ~[minecraft-merged-163508f2a2-1.20.1-loom.mappings.1_20_1.layered+hash.266302255-v2.jar:?]
	at net.minecraft.server.MinecraftServer.waitUntilNextTick(MinecraftServer.java:809) ~[minecraft-merged-163508f2a2-1.20.1-loom.mappings.1_20_1.layered+hash.266302255-v2.jar:?]
	at net.minecraft.server.MinecraftServer.runServer(MinecraftServer.java:745) ~[minecraft-merged-163508f2a2-1.20.1-loom.mappings.1_20_1.layered+hash.266302255-v2.jar:?]
	at net.minecraft.server.MinecraftServer.method_29739(MinecraftServer.java:280) ~[minecraft-merged-163508f2a2-1.20.1-loom.mappings.1_20_1.layered+hash.266302255-v2.jar:?]
	at java.lang.Thread.run(Thread.java:840) ~[?:?]
[15:24:29] [Netty Server IO #1/DEBUG] (ServerPlayNetworkAddon for Player) Handling inbound packet from channel with name "jade:request_tile"
[15:24:29] [Netty Local Client IO #0/DEBUG] (ClientPlayNetworkAddon for Player) Handling inbound packet from channel with name "create:main"
[15:24:29] [Server thread/ERROR] (net.minecraft.util.thread.BlockableEventLoop) Error executing task on Server
java.lang.NullPointerException: Cannot invoke "net.minecraft.core.Direction.getAxis()" because "dir" is null
	at com.gregtechceu.gtceu.common.machine.kinetic.ElectricGearBoxMachine.lambda$createEnergyContainer$2(ElectricGearBoxMachine.java:68) ~[11293024870152790682.jar:?]
	at com.gregtechceu.gtceu.api.machine.trait.MachineTrait.hasCapability(MachineTrait.java:36) ~[11293024870152790682.jar:?]
	at com.gregtechceu.gtceu.api.blockentity.fabric.MetaMachineBlockEntityImpl.lambda$onBlockEntityRegister$5(MetaMachineBlockEntityImpl.java:85) ~[main/:?]
	at java.util.stream.ReferencePipeline$2$1.accept(ReferencePipeline.java:178) ~[?:?]
	at java.util.stream.ReferencePipeline$2$1.accept(ReferencePipeline.java:179) ~[?:?]
	at java.util.ArrayList$ArrayListSpliterator.forEachRemaining(ArrayList.java:1625) ~[?:?]
	at java.util.stream.AbstractPipeline.copyInto(AbstractPipeline.java:509) ~[?:?]
	at java.util.stream.AbstractPipeline.wrapAndCopyInto(AbstractPipeline.java:499) ~[?:?]
	at java.util.stream.AbstractPipeline.evaluate(AbstractPipeline.java:575) ~[?:?]
	at java.util.stream.AbstractPipeline.evaluateToArrayNode(AbstractPipeline.java:260) ~[?:?]
	at java.util.stream.ReferencePipeline.toArray(ReferencePipeline.java:616) ~[?:?]
	at java.util.stream.ReferencePipeline.toArray(ReferencePipeline.java:622) ~[?:?]
	at java.util.stream.ReferencePipeline.toList(ReferencePipeline.java:627) ~[?:?]
	at com.gregtechceu.gtceu.api.blockentity.fabric.MetaMachineBlockEntityImpl.lambda$onBlockEntityRegister$6(MetaMachineBlockEntityImpl.java:85) ~[main/:?]
	at net.fabricmc.fabric.api.lookup.v1.block.BlockApiLookup.lambda$registerForBlockEntity$0(BlockApiLookup.java:221) ~[fabric-api-lookup-api-v1-1.6.37+1802ada577.jar:?]
	at net.fabricmc.fabric.impl.lookup.block.BlockApiLookupImpl.lambda$registerForBlockEntities$1(BlockApiLookupImpl.java:160) ~[fabric-api-lookup-api-v1-1.6.37+1802ada577.jar:?]
	at net.fabricmc.fabric.impl.lookup.block.BlockApiLookupImpl.find(BlockApiLookupImpl.java:90) ~[fabric-api-lookup-api-v1-1.6.37+1802ada577.jar:?]
	at net.fabricmc.fabric.api.lookup.v1.block.BlockApiLookup.find(BlockApiLookup.java:169) ~[fabric-api-lookup-api-v1-1.6.37+1802ada577.jar:?]
	at com.gregtechceu.gtceu.api.capability.fabric.GTCapabilityHelperImpl.getEnergyContainer(GTCapabilityHelperImpl.java:25) ~[main/:?]
	at com.gregtechceu.gtceu.api.capability.GTCapabilityHelper.getEnergyContainer(GTCapabilityHelper.java) ~[11293024870152790682.jar:?]
	at com.gregtechceu.gtceu.integration.jade.provider.ElectricContainerBlockProvider.getCapability(ElectricContainerBlockProvider.java:29) ~[11293024870152790682.jar:?]
	at com.gregtechceu.gtceu.integration.jade.provider.ElectricContainerBlockProvider.getCapability(ElectricContainerBlockProvider.java:20) ~[11293024870152790682.jar:?]
	at com.gregtechceu.gtceu.integration.jade.provider.CapabilityBlockProvider.appendServerData(CapabilityBlockProvider.java:61) ~[11293024870152790682.jar:?]
	at com.gregtechceu.gtceu.integration.jade.provider.CapabilityBlockProvider.appendServerData(CapabilityBlockProvider.java:19) ~[11293024870152790682.jar:?]
	at snownee.jade.impl.BlockAccessorImpl.lambda$handleRequest$0(BlockAccessorImpl.java:74) ~[jade-11.7.0.jar:?]
	at net.minecraft.server.TickTask.run(TickTask.java:20) ~[minecraft-merged-163508f2a2-1.20.1-loom.mappings.1_20_1.layered+hash.266302255-v2.jar:?]
	at net.minecraft.util.thread.BlockableEventLoop.doRunTask(BlockableEventLoop.java:143) ~[minecraft-merged-163508f2a2-1.20.1-loom.mappings.1_20_1.layered+hash.266302255-v2.jar:?]
	at net.minecraft.util.thread.ReentrantBlockableEventLoop.doRunTask(ReentrantBlockableEventLoop.java:24) ~[minecraft-merged-163508f2a2-1.20.1-loom.mappings.1_20_1.layered+hash.266302255-v2.jar:?]
	at net.minecraft.server.MinecraftServer.doRunTask(MinecraftServer.java:846) ~[minecraft-merged-163508f2a2-1.20.1-loom.mappings.1_20_1.layered+hash.266302255-v2.jar:?]
	at net.minecraft.server.MinecraftServer.doRunTask(MinecraftServer.java) ~[minecraft-merged-163508f2a2-1.20.1-loom.mappings.1_20_1.layered+hash.266302255-v2.jar:?]
	at net.minecraft.util.thread.BlockableEventLoop.pollTask(BlockableEventLoop.java:114) ~[minecraft-merged-163508f2a2-1.20.1-loom.mappings.1_20_1.layered+hash.266302255-v2.jar:?]
	at net.minecraft.server.MinecraftServer.pollTaskInternal(MinecraftServer.java:829) ~[minecraft-merged-163508f2a2-1.20.1-loom.mappings.1_20_1.layered+hash.266302255-v2.jar:?]
	at net.minecraft.server.MinecraftServer.pollTask(MinecraftServer.java:823) ~[minecraft-merged-163508f2a2-1.20.1-loom.mappings.1_20_1.layered+hash.266302255-v2.jar:?]
	at net.minecraft.util.thread.BlockableEventLoop.runAllTasks(BlockableEventLoop.java:103) ~[minecraft-merged-163508f2a2-1.20.1-loom.mappings.1_20_1.layered+hash.266302255-v2.jar:?]
	at net.minecraft.server.MinecraftServer.waitUntilNextTick(MinecraftServer.java:809) ~[minecraft-merged-163508f2a2-1.20.1-loom.mappings.1_20_1.layered+hash.266302255-v2.jar:?]
	at net.minecraft.server.MinecraftServer.runServer(MinecraftServer.java:745) ~[minecraft-merged-163508f2a2-1.20.1-loom.mappings.1_20_1.layered+hash.266302255-v2.jar:?]
	at net.minecraft.server.MinecraftServer.method_29739(MinecraftServer.java:280) ~[minecraft-merged-163508f2a2-1.20.1-loom.mappings.1_20_1.layered+hash.266302255-v2.jar:?]
	at java.lang.Thread.run(Thread.java:840) ~[?:?]